../Core/Src/main.c:80:5:main	8	static
../Core/Src/main.c:132:6:SystemClock_Config	88	static
../Core/Src/main.c:174:13:MX_ADC1_Init	24	static
../Core/Src/main.c:226:13:MX_CAN1_Init	8	static
../Core/Src/main.c:263:13:MX_CAN2_Init	8	static
../Core/Src/main.c:300:13:MX_I2C2_Init	8	static
../Core/Src/main.c:334:13:MX_SPI4_Init	8	static
../Core/Src/main.c:372:13:MX_USART1_UART_Init	8	static
../Core/Src/main.c:405:13:MX_GPIO_Init	64	static
../Core/Src/main.c:589:6:Error_Handler	4	static,ignoring_inline_asm
